aarao
abda
abdala
abdemis
abel
abelardo
abigail
abraao
acacia
acacio
adalberto
adalgisa
adamastor
adao
adauto
adeilce
adelaide
adelia
adelinda
ademar
adib
adolfo
adriana
adriano
aecio
aelington
agnaldo
agnes
aida
aidee
aime
aimee
aira
aisla
alaide
alan
alana
alanis
alba
alberico
albertina
alberto
alceu
alcina
alcione
alcir
aldete
aldo
alecya
alena
alencar
alenis
alessandra
alessandro
alessia
alessio
alex
alexa
alexandra
alexsander
alfeu
alfredo
alice
alicia
aline
alison
almir
alriana
altamir
aluisio
alvaro
alzira
amadeu
amalia
amancio
amanda
amauri
amelia
america
americo
amilcar
amin
amir
amon
ana
anabel
anabelle
ananda
anastacia
anat
andre
andrea
andressa
andrew
anete
angel
angela
angelica
angelina
angelo
anibal
anita
anselmo
antero
anthony
antonia
antonieta
antonio
antuerpia
aparecida
apolo
aquiles
araci
ariane
ariene
arisla
arissa
aristoteles
arlette
arlindo
armando
arminda
arnaldo
arthur
ary
aryana
assunçao
astrid
atanasio
atilio
audrey
augusta
augusto
aura
aurelia
aurelio
ayram
ayrton
badia
baldoc
barbara
bartira
basilio
batista
beatriz
bela
belinda
benicio
benito
benjamin
bento
berenice
bernadete
bernardo
berta
betania
beth
betina
beverly
bianca
billy
blanca
bolivar
bonifacio
bosco
brad
bras
brayan
brenda
brendon
breno
brian
brigida
brigite
brisa
bruce
bruna
bruno
cacilda
caetano
caia
caim
caio
caique
camila
camilo
candida
carla
carlito
carlos
carlota
carmela
carmelo
carmem
carol
carole
carolina
casimiro
cassandra
cassia
cassiane
cassio
catarina
cauê
cecil
cecile
cecilia
celene
celeste
celia
celina
celio
celso
cesar
chantal
charles
charlote
chaylla
chiara
chris
christian
cibele
cid
cintia
cirano
cirilo
ciro
clara
clariana
clarissa
claudia
claudio
cleber
cleide
clelia
cleo
cleonice
cleonir
cleopatra
clesio
cleuza
clicie
clotilde
clovis
conceiçao
conrado
constance
constantino
corina
cornelio
cosme
crigor
cristian
cristiane
cristiano
cristina
dafnee
daisy
dalia
dalita
dalva
damiano
dan
danelise
daniel
daniela
danilo
dante
dario
david
debora
decio
deidre
delia
demetrio
denis
denise
deoclides
dercio
dereck
deusdete
diana
diego
dieter
dilma
dilson
dimas
dinah
dinorah
diogo
dionisio
dirceu
dolores
domingos
dominique
doris
dorival
doroty
douglas
dulcineia
dunia
durvaleda
ebion
ed
edênia
eder
edilia
edilson
edimary
edimercia
ediraldo
edith
edmagna
edmilson
edna
ednei
edson
eduarda
eduardo
edvaldo
edwirge
egle
eivaldo
elaine
elen
elena
eleonora
eliane
elias
elida
elide
eliezer
elisa
elisabeth
eliseu
elisiana
elke
eloisa
eloy
else
elton
elvira
elza
emanuele
emerson
emil
emilia
emilio
emmeline
eneida
enio
erenilda
eric
erica
erinaldo
erlaine
erminia
ernani
ernesto
estela
ester
estevao
ettore
eugenia
eugenio
eulalia
eunice
eurico
euzebio
eva
evair
evandro
evangelina
evelyn
evelyne
everaldo
fabia
fabian
fabiana
fabiane
fabiano
fabio
fabiola
fabricia
fabricio
fany
fatima
fausto
fauzer
feliciano
felicio
felinto
felipe
felix
fenicia
fernanda
fernando
filomena
fiona
firmino
firmo
flavia
flaviana
flavio
flora
franciely
francini
francisco
françoise
franz
frederica
frederico
fúlvia
fúlvio
gabriel
gabriela
gardênia
gaspar
geilsa
geny
george
georgia
geralda
geraldo
gerd
germana
germano
gerson
gesualdo
getúlio
giacomo
gian
giancarlo
gianfranco
gil
gilberto
gilda
gilson
gilvan
gina
gioconda
giovana
giovani
giselda
gisele
gislaine
giulia
giuliana
giulliane
gladis
glaucia
glauco
gloria
gorete
graça
grace
gracia
graziela
gregory
gudrun
guido
guilherme
guilhermino
gustavo
haidee
hanna
harley
haroldo
hector
heide
heitor
helder
helen
helena
helga
helio
helmut
heloisa
henri
heraldo
herbert
herculano
hercules
heriette
hermano
heron
hidelbrando
hilda
homero
honorio
horacio
hortência
hugo
humberto
iasmim
ibrahim
icaro
idiene
igino
igor
ilana
ilario
ilce
ilton
imaculada
inacio
inara
indira
inês
ingrid
inno
iolanda
ione
iracema
iraides
irene
irina
irineu
iris
isaac
isabel
isabela
isadora
isaias
isis
ismael
isolda
israel
iuri
ivan
ivana
ivani
iverly
ivete
ivich
ivna
ivo
ivone
ivonete
izilda
jacilei
jacqueline
jacques
jade
jaime
jaimerina
jair
jairo
james
janaina
jandineia
janete
janey
jaqueline
jasmim
jason
jean
jeane
jefferson
jennifer
jeremias
jesus
joana
joao
joaquim
joel
joelle
joelmir
johanes
johann
johanna
john
johnny
jonas
jonathan
jordana
jorge
jose
josefina
joselma
josie
josualdo
josue
joyce
jucilene
judas
judith
julia
juliana
julieta
julio
jurema
juscelino
jussara
justo
kalliope
kamilla
karen
karina
karyne
kate
katherina
katia
kedma
keid
keith
kelly
kênia
kennedy
kenneth
kenzo
kevin
klaus
kleber
kleiton
kristen
ladislau
laercio
laerte
laila
lais
lara
larissa
lauanda
laura
lauro
lavinia
laylla
laysa
leandro
leda
leila
lenemar
lenise
lenora
leo
leon
leonardo
lesley
leticia
levi
lidia
liege
ligia
lilian
liliana
liliane
linda
lindsey
lineu
liney
lis
lisete
lisley
lismara
livia
livio
lolita
loredana
lorena
lorenzo
lorraine
louis
louise
lourival
luana
lucas
luce
lúcia
luciana
luciane
luciano
luciene
lucila
lucilia
lucio
lucivane
lucy
ludicea
ludmila
luigi
luis
luiza
lukemabel
lurdes
luzia
maciel
madalena
magali
magda
maira
maitê
malka
malú
manoel
mantovaine
manuela
mara
marcel
marcela
marcelo
marcia
marciano
marcilio
marcio
marco
marcos
margarete
margareth
margarida
maria
mariana
mariane
mariano
maricy
marieli
marilda
marilena
marilia
marilisa
marilu
marina
marinela
marino
mario
maris
marisa
marise
maristela
marjore
marjorie
marlene
marli
marta
martin
martina
marucia
massimo
mateus
matias
matilde
maura
maureen
mauricio
mauro
max
maximiliano
maya
mayara
maysa
melania
melayne
melissa
michel
miguel
milane
milena
milene
milton
mircia
mirela
miriam
moacir
mohsen
moises
morris
murilo
na
nadia
nadja
naiara
nair
nairon
nancy
narciso
natalia
natan
natanael
natasha
nayara
naylla
nayma
nayra
neia
nelio
nelson
nereo
neuza
nevio
newton
ney
nicia
nicolas
nicole
nilda
nilton
nilva
nina
ninke
nivaldo
nivia
noemia
norma
nuria
odair
odecio
odessa
odete
odherban
odila
odilia
odilon
odilson
odir
odorico
oduvaldo
ofelia
olavo
olegario
olga
olides
olimpia
olinda
olivia
olivier
omar
ondina
onofre
oraides
orfeu
orides
orlando
oscar
osias
osmar
osni
osorio
oswaldo
otacilio
otavia
otaviano
otavio
otelo
otilia
oton
otoni
otto
ozeias
ozias
pablo
pamela
paola
pascoal
patricia
patrick
paula
paulete
paulo
pedrina
pedrita
pedro
percival
perla
persia
peter
petra
petrúcia
petrucio
pia
pierluigi
piero
pierpaulo
pietra
pilar
pio
placido
plinio
poliana
priscila
procopio
prospera
prudencia
quenia
quentin
quincas
quirino
quiteria
rafael
rafaela
raimundo
raissa
ralf
ramon
randolpho
raquel
rariton
raul
rebeca
regina
reginaldo
reinaldo
rejane
renata
renato
riane
ricardo
rita
roberta
roberto
robson
roclides
rodney
rodrigo
roger
rogeria
rogerio
romana
romero
romeu
romulo
ronaldo
roney
roni
roque
rosa
rosali
rosalia
rosamaria
rosana
rosangela
rosaria
roseane
roseli
rosicler
rossandra
rosselio
rubens
ruth
sabine
sabrina
salete
salvador
salvio
samanta
samia
samir
samira
samuel
sandra
sandro
sante
sarah
sarina
saul
sebastian
sebastiao
selma
sergio
sharon
sheeva
sheila
shirley
sibele
sibila
sidney
silas
silmara
silverio
silvia
silvio
simone
sioma
socrates
sofia
solange
sonia
sophia
soraia
stefane
stefania
stefano
stela
stephanie
suedia
sueli
sumaia
sunny
susan
suzana
suzel
suzete
taciana
tadeu
talia
talita
tamara
tania
tarcisio
tatiana
telcilene
teobaldo
teodora
teodoro
teresa
teri
thais
thales
thauany
thayna
thelma
theo
theophilo
theseo
thomas
tiana
ticiana
timoteo
tônia
torquato
tricia
tunia
ubaldino
ubaldo
ubirajara
ulisses
ulla
ulpiano
umbelino
umberto
urania
urbano
uriel
ursula
ursulina
valderez
valdinea
valdir
valentina
valentino
valeria
valeska
valmir
vanderleia
vanderley
vanessa
vani
vania
vanusa
vasco
venancio
venceslau
vera
veralice
veridiana
veronica
vicente
vinicius
virginia
vitor
vitoria
vivaldo
vivian
viviane
vladimir
vlamir
wagner
wald
waldir
wallace
walquiria
walter
wanda
wander
wanderleia
wando
wanessa
washington
weblen
wellington
welson
wendy
wesley
willian
wilma
wilson
wolf
xaquira
xaukia
xavier
xênia
yago
yan
yanna
yara
yasmin
yasson
yglesio
yolanda
yole
yone
yose
yuki
yuri
yuso
zacarias
zaira
zarifa
zelia
zelinda
zelio
zelita
zenaide
zenilde
zenir
zenobio
zeus
zila
zilda
zilena
zilma
ziraldo
zita
zora
zoraide
zozimo
zulmira
zyndal